
================================================================================
Fecha y hora: 2025-07-05 04:03:27
================================================================================
=== Info ===
Transferencia creada


================================================================================
Fecha y hora: 2025-07-05 04:03:27
================================================================================
=== Info ===
XML pain.001 generado en schemas/transferencias/5434d6e4-3679-4c53-a5e2-db457825eed8/pain001_5434d6e4-3679-4c53-a5e2-db457825eed8.xml


================================================================================
Fecha y hora: 2025-07-05 04:03:27
================================================================================
=== Info ===
Archivo AML generado en schemas/transferencias/5434d6e4-3679-4c53-a5e2-db457825eed8/aml_5434d6e4-3679-4c53-a5e2-db457825eed8.xml


================================================================================
Fecha y hora: 2025-07-05 04:03:33
================================================================================
=== Info ===
Error al solicitar OTP

=== Error ===
403 Client Error: Forbidden for url: http://80.78.30.242:9181/api/challenge
