
================================================================================
Fecha y hora: 2025-07-03 23:19:40
================================================================================
=== Info ===
Transferencia creada


================================================================================
Fecha y hora: 2025-07-03 23:19:40
================================================================================
=== Info ===
XML pain.001 generado en schemas/transferencias/f6803df4-3017-4129-82e5-acf8fd744a3e/pain001_f6803df4-3017-4129-82e5-acf8fd744a3e.xml


================================================================================
Fecha y hora: 2025-07-03 23:19:40
================================================================================
=== Info ===
Archivo AML generado en schemas/transferencias/f6803df4-3017-4129-82e5-acf8fd744a3e/aml_f6803df4-3017-4129-82e5-acf8fd744a3e.xml


================================================================================
Fecha y hora: 2025-07-03 23:20:06
================================================================================
=== Info ===
OAuth: inicio_autorizacion - exito

=== Body de la petición ===
{
    "state": "18dc0bbf21124704ae59e71e6546a9d8",
    "auth_url": "http://80.78.30.242:9181/oidc/authorize?response_type=code&client_id=7c1e2c53-8cc3-4ea0-bdd6-b3423e76adc7&redirect_uri=https://api.coretransapi.com/oauth2/callback/&scope=sepa_credit_transfers&state=18dc0bbf21124704ae59e71e6546a9d8&code_challenge_method=S256&code_challenge=VqkEsH5D3q8QypawMhDG0ZMkoutnGRtpKrlUHP5HclE",
    "code_challenge": "VqkEsH5D3q8QypawMhDG0ZMkoutnGRtpKrlUHP5HclE",
    "payment_id": "f6803df4-3017-4129-82e5-acf8fd744a3e"
}


================================================================================
Fecha y hora: 2025-07-03 23:20:06
================================================================================
=== Info ===
Inicio del flujo OAuth2 desde transferencia

=== Body de la petición ===
{
    "verifier": "kBLQrjhL8nOXmTT0Qa1G9Ww36q8foTrEYgfcU_JhULm5wLJAv1DUbQLo9z1_EOvgnCfFNe8ivF2uEyK7XQ_iiQ",
    "challenge": "VqkEsH5D3q8QypawMhDG0ZMkoutnGRtpKrlUHP5HclE",
    "state": "18dc0bbf21124704ae59e71e6546a9d8"
}

