
================================================================================
Fecha y hora: 2025-06-30 07:48:47
================================================================================
=== Info ===
Recibido: None / Esperado: 1796d29ce21749a5bb077a0b2fb85723

=== Error ===
State mismatch en OAuth callback

================================================================================
Fecha y hora: 2025-06-30 07:49:34
================================================================================
=== Info ===
callback sin sesión válida

=== Error ===
Flujo OAuth no iniciado

================================================================================
Fecha y hora: 2025-06-30 07:49:36
================================================================================
=== Info ===
callback sin sesión válida

=== Error ===
Flujo OAuth no iniciado

================================================================================
Fecha y hora: 2025-06-30 07:50:11
================================================================================
=== Info ===
callback sin sesión válida

=== Error ===
Flujo OAuth no iniciado
