
================================================================================
Fecha y hora: 2025-08-20 09:37:53
================================================================================
=== Info ===
Transferencia creada


================================================================================
Fecha y hora: 2025-08-20 09:37:53
================================================================================
=== Info ===
XML pain.001 generado en schemas/transferencias/3d47dcbb-54a4-4f84-90c4-f6fd5f0a12ff/pain001_3d47dcbb-54a4-4f84-90c4-f6fd5f0a12ff.xml


================================================================================
Fecha y hora: 2025-08-20 09:37:53
================================================================================
=== Info ===
Archivo AML generado en schemas/transferencias/3d47dcbb-54a4-4f84-90c4-f6fd5f0a12ff/aml_3d47dcbb-54a4-4f84-90c4-f6fd5f0a12ff.xml


================================================================================
Fecha y hora: 2025-08-20 09:39:40
================================================================================
=== Info ===
Error iniciando challenge PushTAN

=== Error ===
No existe configuración para BANK_CERT_PIN_SHA256 en production
