
================================================================================
Fecha y hora: 2025-08-07 23:18:21
================================================================================
=== Info ===
Transferencia creada


================================================================================
Fecha y hora: 2025-08-07 23:18:21
================================================================================
=== Info ===
XML pain.001 generado en schemas/transferencias/9339af97-aac1-4732-8fda-19ae7219496c/pain001_9339af97-aac1-4732-8fda-19ae7219496c.xml


================================================================================
Fecha y hora: 2025-08-07 23:18:21
================================================================================
=== Info ===
Archivo AML generado en schemas/transferencias/9339af97-aac1-4732-8fda-19ae7219496c/aml_9339af97-aac1-4732-8fda-19ae7219496c.xml


================================================================================
Fecha y hora: 2025-08-07 23:20:54
================================================================================
=== Info ===
Error al solicitar OTP

=== Error ===
name 'token_path' is not defined
