
================================================================================
Fecha y hora: 2025-07-03 06:21:40
================================================================================
=== Info ===
Transferencia creada


================================================================================
Fecha y hora: 2025-07-03 06:21:40
================================================================================
=== Info ===
XML pain.001 generado en schemas/transferencias/f4f106ca-f2de-4b09-8ed6-9dc19dc78c97/pain001_f4f106ca-f2de-4b09-8ed6-9dc19dc78c97.xml


================================================================================
Fecha y hora: 2025-07-03 06:21:40
================================================================================
=== Info ===
Archivo AML generado en schemas/transferencias/f4f106ca-f2de-4b09-8ed6-9dc19dc78c97/aml_f4f106ca-f2de-4b09-8ed6-9dc19dc78c97.xml


================================================================================
Fecha y hora: 2025-07-03 06:22:09
================================================================================
=== Info ===
<ul class="errorlist"><li>__all__<ul class="errorlist nonfield"><li>Debes seleccionar obtener TOKEN o proporcionar uno manualmente.</li></ul></li></ul>

=== Error ===
Formulario inválido
