
================================================================================
Fecha y hora: 2025-07-07 02:45:27
================================================================================
=== Info ===
Transferencia creada


================================================================================
Fecha y hora: 2025-07-07 02:45:27
================================================================================
=== Info ===
XML pain.001 generado en schemas/transferencias/cdf7e257-6e5b-4666-84d4-3aba7ea7a44c/pain001_cdf7e257-6e5b-4666-84d4-3aba7ea7a44c.xml


================================================================================
Fecha y hora: 2025-07-07 02:45:27
================================================================================
=== Info ===
Archivo AML generado en schemas/transferencias/cdf7e257-6e5b-4666-84d4-3aba7ea7a44c/aml_cdf7e257-6e5b-4666-84d4-3aba7ea7a44c.xml


================================================================================
Fecha y hora: 2025-07-07 02:45:32
================================================================================
=== Info ===
Error al solicitar OTP

=== Error ===
403 Client Error: Forbidden for url: http://80.78.30.242:9181/api/challenge

================================================================================
Fecha y hora: 2025-07-07 02:52:24
================================================================================
=== Info ===
OTP enviado (Challenge ID: 2b2c7cb7-bfab-4e4a-bde0-d55f0b392615, OTP: 594610)

