
================================================================================
Fecha y hora: 2025-08-06 23:52:49
================================================================================
=== Info ===
Transferencia creada


================================================================================
Fecha y hora: 2025-08-06 23:52:49
================================================================================
=== Info ===
XML pain.001 generado en schemas/transferencias/2737221f-49a9-4bf1-aa23-8073f3e5371d/pain001_2737221f-49a9-4bf1-aa23-8073f3e5371d.xml


================================================================================
Fecha y hora: 2025-08-06 23:52:49
================================================================================
=== Info ===
Archivo AML generado en schemas/transferencias/2737221f-49a9-4bf1-aa23-8073f3e5371d/aml_2737221f-49a9-4bf1-aa23-8073f3e5371d.xml


================================================================================
Fecha y hora: 2025-08-06 23:53:11
================================================================================
=== Info ===
Error al solicitar OTP

=== Error ===
401 Client Error: Unauthorized for url: http://80.78.30.242:9181/api/login/
