
================================================================================
Fecha y hora: 2025-07-07 07:10:48
================================================================================
=== Info ===
Transferencia creada


================================================================================
Fecha y hora: 2025-07-07 07:10:48
================================================================================
=== Info ===
XML pain.001 generado en schemas/transferencias/86418e36-dcaf-4855-b409-baf2b157c661/pain001_86418e36-dcaf-4855-b409-baf2b157c661.xml


================================================================================
Fecha y hora: 2025-07-07 07:10:48
================================================================================
=== Info ===
Archivo AML generado en schemas/transferencias/86418e36-dcaf-4855-b409-baf2b157c661/aml_86418e36-dcaf-4855-b409-baf2b157c661.xml


================================================================================
Fecha y hora: 2025-07-07 07:10:58
================================================================================
=== Info ===
Error al solicitar OTP

=== Error ===
403 Client Error: Forbidden for url: http://80.78.30.242:9181/api/challenge

================================================================================
Fecha y hora: 2025-07-07 07:11:17
================================================================================
=== Info ===
OTP enviado (Challenge ID: 509ebbfe-3bfc-4834-b6a0-716fb651a429, OTP: 187999)

