
================================================================================
Fecha y hora: 2025-07-05 03:17:21
================================================================================
=== Info ===
Transferencia creada


================================================================================
Fecha y hora: 2025-07-05 03:17:21
================================================================================
=== Info ===
XML pain.001 generado en schemas/transferencias/ca6b45fc-7557-4d4c-8c6f-a8e1a7df93f9/pain001_ca6b45fc-7557-4d4c-8c6f-a8e1a7df93f9.xml


================================================================================
Fecha y hora: 2025-07-05 03:17:21
================================================================================
=== Info ===
Archivo AML generado en schemas/transferencias/ca6b45fc-7557-4d4c-8c6f-a8e1a7df93f9/aml_ca6b45fc-7557-4d4c-8c6f-a8e1a7df93f9.xml


================================================================================
Fecha y hora: 2025-07-05 03:17:24
================================================================================
=== Info ===
Error al solicitar OTP

=== Error ===
get() returned more than one ConfiguracionAPI -- it returned 2!
