
================================================================================
Fecha y hora: 2025-07-07 04:23:10
================================================================================
=== Info ===
Transferencia creada


================================================================================
Fecha y hora: 2025-07-07 04:23:11
================================================================================
=== Info ===
XML pain.001 generado en schemas/transferencias/bacd05d5-1b31-4b47-90f2-9fc1b0487b9b/pain001_bacd05d5-1b31-4b47-90f2-9fc1b0487b9b.xml


================================================================================
Fecha y hora: 2025-07-07 04:23:11
================================================================================
=== Info ===
Archivo AML generado en schemas/transferencias/bacd05d5-1b31-4b47-90f2-9fc1b0487b9b/aml_bacd05d5-1b31-4b47-90f2-9fc1b0487b9b.xml


================================================================================
Fecha y hora: 2025-07-07 04:23:22
================================================================================
=== Info ===
Error al solicitar OTP

=== Error ===
403 Client Error: Forbidden for url: http://80.78.30.242:9181/api/challenge

================================================================================
Fecha y hora: 2025-07-07 04:23:35
================================================================================
=== Info ===
Error al solicitar OTP

=== Error ===
403 Client Error: Forbidden for url: http://80.78.30.242:9181/api/challenge

================================================================================
Fecha y hora: 2025-07-07 04:23:52
================================================================================
=== Info ===
Error al solicitar OTP

=== Error ===
403 Client Error: Forbidden for url: http://80.78.30.242:9181/api/challenge
