{
  "timestamp": "2025-07-03 23:20:06",
  "accion": "inicio_autorizacion",
  "estado": "exito",
  "metadata": {
    "state": "18dc0bbf21124704ae59e71e6546a9d8",
    "auth_url": "http://80.78.30.242:9181/oidc/authorize?response_type=code&client_id=7c1e2c53-8cc3-4ea0-bdd6-b3423e76adc7&redirect_uri=https://api.coretransapi.com/oauth2/callback/&scope=sepa_credit_transfers&state=18dc0bbf21124704ae59e71e6546a9d8&code_challenge_method=S256&code_challenge=VqkEsH5D3q8QypawMhDG0ZMkoutnGRtpKrlUHP5HclE",
    "code_challenge": "VqkEsH5D3q8QypawMhDG0ZMkoutnGRtpKrlUHP5HclE",
    "payment_id": "f6803df4-3017-4129-82e5-acf8fd744a3e"
  },
  "error": null
}
{
  "timestamp": "2025-07-03 23:20:06",
  "accion": "inicio_autorizacion",
  "estado": "exito",
  "metadata": {
    "state": "18dc0bbf21124704ae59e71e6546a9d8",
    "auth_url": "http://80.78.30.242:9181/oidc/authorize?response_type=code&client_id=7c1e2c53-8cc3-4ea0-bdd6-b3423e76adc7&redirect_uri=https://api.coretransapi.com/oauth2/callback/&scope=sepa_credit_transfers&state=18dc0bbf21124704ae59e71e6546a9d8&code_challenge_method=S256&code_challenge=VqkEsH5D3q8QypawMhDG0ZMkoutnGRtpKrlUHP5HclE",
    "code_challenge": "VqkEsH5D3q8QypawMhDG0ZMkoutnGRtpKrlUHP5HclE",
    "payment_id": "f6803df4-3017-4129-82e5-acf8fd744a3e"
  },
  "error": null
}
