[2025-08-21 06:23:24 +0200] [1241992] [INFO] Starting gunicorn 23.0.0
[2025-08-21 06:23:24 +0200] [1241992] [INFO] Listening at: https://0.0.0.0:8443 (1241992)
[2025-08-21 06:23:24 +0200] [1241992] [INFO] Using worker: sync
[2025-08-21 06:23:24 +0200] [1241994] [INFO] Booting worker with pid: 1241994
[2025-08-21 06:23:24 +0200] [1241995] [INFO] Booting worker with pid: 1241995
[2025-08-21 06:23:24 +0200] [1241996] [INFO] Booting worker with pid: 1241996
[2025-08-21 06:23:24 +0200] [1242003] [INFO] Booting worker with pid: 1242003
[2025-08-21 06:23:26 +0200] [1241992] [INFO] Handling signal: term
[2025-08-21 06:23:26 +0200] [1241996] [INFO] Worker exiting (pid: 1241996)
[2025-08-21 06:23:26 +0200] [1241994] [INFO] Worker exiting (pid: 1241994)
[2025-08-21 06:23:26 +0200] [1241995] [INFO] Worker exiting (pid: 1241995)
[2025-08-21 06:23:26 +0200] [1242003] [INFO] Worker exiting (pid: 1242003)
[2025-08-21 06:23:26 +0200] [1241992] [INFO] Shutting down: Master
[2025-08-21 06:29:38 +0200] [1252773] [INFO] Starting gunicorn 23.0.0
[2025-08-21 06:29:38 +0200] [1252773] [INFO] Listening at: https://0.0.0.0:8443 (1252773)
[2025-08-21 06:29:38 +0200] [1252773] [INFO] Using worker: sync
[2025-08-21 06:29:38 +0200] [1252775] [INFO] Booting worker with pid: 1252775
[2025-08-21 06:29:38 +0200] [1252776] [INFO] Booting worker with pid: 1252776
[2025-08-21 06:29:38 +0200] [1252777] [INFO] Booting worker with pid: 1252777
[2025-08-21 06:29:38 +0200] [1252778] [INFO] Booting worker with pid: 1252778
[2025-08-21 06:29:40 +0200] [1252773] [INFO] Handling signal: term
[2025-08-21 06:29:40 +0200] [1252778] [INFO] Worker exiting (pid: 1252778)
[2025-08-21 06:29:40 +0200] [1252777] [INFO] Worker exiting (pid: 1252777)
[2025-08-21 06:29:40 +0200] [1252776] [INFO] Worker exiting (pid: 1252776)
[2025-08-21 06:29:40 +0200] [1252775] [INFO] Worker exiting (pid: 1252775)
[2025-08-21 06:29:41 +0200] [1252773] [INFO] Shutting down: Master
[2025-08-21 06:36:59 +0200] [1266059] [INFO] Starting gunicorn 23.0.0
[2025-08-21 06:36:59 +0200] [1266059] [INFO] Listening at: https://0.0.0.0:8443 (1266059)
[2025-08-21 06:36:59 +0200] [1266059] [INFO] Using worker: sync
[2025-08-21 06:36:59 +0200] [1266061] [INFO] Booting worker with pid: 1266061
[2025-08-21 06:36:59 +0200] [1266062] [INFO] Booting worker with pid: 1266062
[2025-08-21 06:37:00 +0200] [1266071] [INFO] Booting worker with pid: 1266071
[2025-08-21 06:37:00 +0200] [1266072] [INFO] Booting worker with pid: 1266072
[2025-08-21 06:37:02 +0200] [1266059] [INFO] Handling signal: term
[2025-08-21 06:37:02 +0200] [1266072] [INFO] Worker exiting (pid: 1266072)
[2025-08-21 06:37:02 +0200] [1266062] [INFO] Worker exiting (pid: 1266062)
[2025-08-21 06:37:02 +0200] [1266071] [INFO] Worker exiting (pid: 1266071)
[2025-08-21 06:37:02 +0200] [1266061] [INFO] Worker exiting (pid: 1266061)
[2025-08-21 06:37:02 +0200] [1266059] [INFO] Shutting down: Master
[2025-08-21 06:44:16 +0200] [1278536] [INFO] Starting gunicorn 23.0.0
[2025-08-21 06:44:16 +0200] [1278536] [INFO] Listening at: https://0.0.0.0:8443 (1278536)
[2025-08-21 06:44:16 +0200] [1278536] [INFO] Using worker: sync
[2025-08-21 06:44:16 +0200] [1278538] [INFO] Booting worker with pid: 1278538
[2025-08-21 06:44:16 +0200] [1278545] [INFO] Booting worker with pid: 1278545
[2025-08-21 06:44:16 +0200] [1278548] [INFO] Booting worker with pid: 1278548
[2025-08-21 06:44:16 +0200] [1278549] [INFO] Booting worker with pid: 1278549
[2025-08-21 06:44:18 +0200] [1278536] [INFO] Handling signal: term
[2025-08-21 06:44:18 +0200] [1278549] [INFO] Worker exiting (pid: 1278549)
[2025-08-21 06:44:18 +0200] [1278538] [INFO] Worker exiting (pid: 1278538)
[2025-08-21 06:44:18 +0200] [1278545] [INFO] Worker exiting (pid: 1278545)
[2025-08-21 06:44:18 +0200] [1278548] [INFO] Worker exiting (pid: 1278548)
[2025-08-21 06:44:19 +0200] [1278536] [INFO] Shutting down: Master
[2025-08-21 08:38:28 +0200] [1451706] [INFO] Starting gunicorn 23.0.0
[2025-08-21 08:38:28 +0200] [1451706] [INFO] Listening at: https://0.0.0.0:8443 (1451706)
[2025-08-21 08:38:28 +0200] [1451706] [INFO] Using worker: sync
[2025-08-21 08:38:28 +0200] [1451708] [INFO] Booting worker with pid: 1451708
[2025-08-21 08:38:28 +0200] [1451709] [INFO] Booting worker with pid: 1451709
[2025-08-21 08:38:28 +0200] [1451710] [INFO] Booting worker with pid: 1451710
[2025-08-21 08:38:28 +0200] [1451711] [INFO] Booting worker with pid: 1451711
[2025-08-21 08:38:31 +0200] [1451706] [INFO] Handling signal: term
[2025-08-21 08:38:31 +0200] [1451709] [INFO] Worker exiting (pid: 1451709)
[2025-08-21 08:38:31 +0200] [1451710] [INFO] Worker exiting (pid: 1451710)
[2025-08-21 08:38:31 +0200] [1451711] [INFO] Worker exiting (pid: 1451711)
[2025-08-21 08:38:31 +0200] [1451708] [INFO] Worker exiting (pid: 1451708)
[2025-08-21 08:38:31 +0200] [1451706] [INFO] Shutting down: Master
[2025-08-21 08:44:14 +0200] [1461717] [INFO] Starting gunicorn 23.0.0
[2025-08-21 08:44:14 +0200] [1461717] [INFO] Listening at: https://0.0.0.0:8443 (1461717)
[2025-08-21 08:44:14 +0200] [1461717] [INFO] Using worker: sync
[2025-08-21 08:44:14 +0200] [1461719] [INFO] Booting worker with pid: 1461719
[2025-08-21 08:44:14 +0200] [1461720] [INFO] Booting worker with pid: 1461720
[2025-08-21 08:44:14 +0200] [1461721] [INFO] Booting worker with pid: 1461721
[2025-08-21 08:44:14 +0200] [1461722] [INFO] Booting worker with pid: 1461722
[2025-08-21 08:44:17 +0200] [1461717] [INFO] Handling signal: term
[2025-08-21 08:44:17 +0200] [1461720] [INFO] Worker exiting (pid: 1461720)
[2025-08-21 08:44:17 +0200] [1461721] [INFO] Worker exiting (pid: 1461721)
[2025-08-21 08:44:17 +0200] [1461722] [INFO] Worker exiting (pid: 1461722)
[2025-08-21 08:44:17 +0200] [1461719] [INFO] Worker exiting (pid: 1461719)
[2025-08-21 08:44:17 +0200] [1461717] [INFO] Shutting down: Master
