
================================================================================
Fecha y hora: 2025-07-03 06:49:22
================================================================================
=== Info ===
Transferencia creada


================================================================================
Fecha y hora: 2025-07-03 06:49:22
================================================================================
=== Info ===
XML pain.001 generado en schemas/transferencias/b0eeaf7a-03e6-4f71-aa74-906083e222bf/pain001_b0eeaf7a-03e6-4f71-aa74-906083e222bf.xml


================================================================================
Fecha y hora: 2025-07-03 06:49:22
================================================================================
=== Info ===
Archivo AML generado en schemas/transferencias/b0eeaf7a-03e6-4f71-aa74-906083e222bf/aml_b0eeaf7a-03e6-4f71-aa74-906083e222bf.xml


================================================================================
Fecha y hora: 2025-07-03 06:49:35
================================================================================
=== Info ===
<ul class="errorlist"><li>__all__<ul class="errorlist nonfield"><li>Debes seleccionar obtener TOKEN o proporcionar uno manualmente.</li></ul></li></ul>

=== Error ===
Formulario inválido
