
================================================================================
Fecha y hora: 2025-07-05 04:20:54
================================================================================
=== Info ===
Transferencia creada


================================================================================
Fecha y hora: 2025-07-05 04:20:54
================================================================================
=== Info ===
XML pain.001 generado en schemas/transferencias/ac0fe510-5d21-4596-b2ae-7daa237a887f/pain001_ac0fe510-5d21-4596-b2ae-7daa237a887f.xml


================================================================================
Fecha y hora: 2025-07-05 04:20:54
================================================================================
=== Info ===
Archivo AML generado en schemas/transferencias/ac0fe510-5d21-4596-b2ae-7daa237a887f/aml_ac0fe510-5d21-4596-b2ae-7daa237a887f.xml


================================================================================
Fecha y hora: 2025-07-05 04:20:59
================================================================================
=== Info ===
OTP enviado (ID=35afc869-0e3f-46f5-ba5c-f864b49c9ef8, OTP=763082)


================================================================================
Fecha y hora: 2025-07-05 04:26:04
================================================================================
=== Info ===
Respuesta simulador: {'status': 'ACSC', 'transfer_id': 'ac0fe510-5d21-4596-b2ae-7daa237a887f'}


================================================================================
Fecha y hora: 2025-07-05 04:26:04
================================================================================
=== Info ===
Fallo en verificación OTP/transferencia

=== Error ===
'usuario'

================================================================================
Fecha y hora: 2025-07-05 04:26:07
================================================================================
=== Info ===
Error al solicitar OTP

=== Error ===
403 Client Error: Forbidden for url: http://80.78.30.242:9181/api/challenge
