[2025-06-30 07:41:50] ERROR [2603e58b-78a4-43e0-9288-c62511d23e52]: Formulario inválido
[2025-06-30 07:41:56] ERROR AL GUARDAR LOG EN DB para conexion: el valor es demasiado largo para el tipo character varying(20)

[2025-06-30 07:41:58] ERROR AL GUARDAR LOG EN DB para conexion: el valor es demasiado largo para el tipo character varying(20)

[2025-06-30 07:47:53] ERROR [2603e58b-78a4-43e0-9288-c62511d23e52]: Formulario inválido
[2025-06-30 07:48:47] ERROR AL GUARDAR LOG EN DB para <django.db.models.query_utils.DeferredAttribute object at 0x7fbf8948ca50>: el valor es demasiado largo para el tipo character varying(64)

[2025-06-30 07:48:47] ERROR [<django.db.models.query_utils.DeferredAttribute object at 0x7fbf8948ca50>]: State mismatch en OAuth callback
[2025-06-30 07:49:30] ERROR [2603e58b-78a4-43e0-9288-c62511d23e52]: Formulario inválido
[2025-06-30 07:49:34] ERROR AL GUARDAR LOG EN DB para <django.db.models.query_utils.DeferredAttribute object at 0x7fbf8948ca50>: el valor es demasiado largo para el tipo character varying(64)

[2025-06-30 07:49:34] ERROR [<django.db.models.query_utils.DeferredAttribute object at 0x7fbf8948ca50>]: Flujo OAuth no iniciado
[2025-06-30 07:49:36] ERROR AL GUARDAR LOG EN DB para <django.db.models.query_utils.DeferredAttribute object at 0x7fbf8948ca50>: el valor es demasiado largo para el tipo character varying(64)

[2025-06-30 07:49:36] ERROR [<django.db.models.query_utils.DeferredAttribute object at 0x7fbf8948ca50>]: Flujo OAuth no iniciado
[2025-06-30 07:49:46] ERROR [2603e58b-78a4-43e0-9288-c62511d23e52]: Formulario inválido
[2025-06-30 07:50:11] ERROR AL GUARDAR LOG EN DB para <django.db.models.query_utils.DeferredAttribute object at 0x7fbf8948ca50>: el valor es demasiado largo para el tipo character varying(64)

[2025-06-30 07:50:11] ERROR [<django.db.models.query_utils.DeferredAttribute object at 0x7fbf8948ca50>]: Flujo OAuth no iniciado
[2025-06-30 07:50:31] ERROR AL GUARDAR LOG EN DB para conexion: el valor es demasiado largo para el tipo character varying(20)

[2025-06-30 07:50:34] ERROR AL GUARDAR LOG EN DB para conexion: el valor es demasiado largo para el tipo character varying(20)

[2025-06-30 07:50:51] ERROR [2603e58b-78a4-43e0-9288-c62511d23e52]: Formulario inválido
[2025-06-30 07:52:27] ERROR [2603e58b-78a4-43e0-9288-c62511d23e52]: Formulario inválido
[2025-06-30 07:52:34] ERROR AL GUARDAR LOG EN DB para conexion: el valor es demasiado largo para el tipo character varying(20)

[2025-06-30 07:52:35] ERROR AL GUARDAR LOG EN DB para conexion: el valor es demasiado largo para el tipo character varying(20)

