
================================================================================
Fecha y hora: 2025-06-17 05:52:35
================================================================================
=== Info ===
Transferencia creada


================================================================================
Fecha y hora: 2025-06-17 05:52:35
================================================================================
=== Info ===
XML pain.001 generado en schemas/transferencias/fbdc069e-6cb1-41cd-864e-223abc51ffa9/pain001_fbdc069e-6cb1-41cd-864e-223abc51ffa9.xml


================================================================================
Fecha y hora: 2025-06-17 05:52:35
================================================================================
=== Info ===
Archivo AML generado en schemas/transferencias/fbdc069e-6cb1-41cd-864e-223abc51ffa9/aml_fbdc069e-6cb1-41cd-864e-223abc51ffa9.xml


================================================================================
Fecha y hora: 2025-06-17 05:52:47
================================================================================
=== Info ===
OAuth no iniciado o token expirado

=== Error ===
Token no disponible

================================================================================
Fecha y hora: 2025-06-17 05:52:47
================================================================================
=== Info ===
OAuth: inicio_autorizacion - exito

=== Body de la petición ===
{
    "state": "29d9c09159e1436eafe68ebb1bac2c4f",
    "auth_url": "https://80.78.30.242:9181/gw/oidc/authorize?response_type=code&client_id=7c1e2c53-8cc3-4ea0-bdd6-b3423e76adc7&redirect_uri=https://api.coretransapi.com/oauth2/callback/&scope=sepa_credit_transfers&state=29d9c09159e1436eafe68ebb1bac2c4f&code_challenge_method=S256&code_challenge=QkgsyxUAO_jVrxSZgX9rkcKoUZBTl41iVF1QPdbVNl0",
    "code_challenge": "QkgsyxUAO_jVrxSZgX9rkcKoUZBTl41iVF1QPdbVNl0",
    "payment_id": "fbdc069e-6cb1-41cd-864e-223abc51ffa9"
}


================================================================================
Fecha y hora: 2025-06-17 05:52:47
================================================================================
=== Info ===
Inicio del flujo OAuth2 desde transferencia

=== Body de la petición ===
{
    "verifier": "TFCQRuj-fFD8bKButPFHyM8G019BlcZjDEftmPwM-t2nKSedmja6hh0zrSVcf78XAsPt6oYQ7PZL_CrCfwq2uw",
    "challenge": "QkgsyxUAO_jVrxSZgX9rkcKoUZBTl41iVF1QPdbVNl0",
    "state": "29d9c09159e1436eafe68ebb1bac2c4f"
}


================================================================================
Fecha y hora: 2025-06-17 05:53:27
================================================================================
=== Info ===
OAuth: inicio_autorizacion - exito

=== Body de la petición ===
{
    "state": "c8c4ce12b5a5494e873c3cc8450ec7b5",
    "auth_url": "https://80.78.30.242:9181/gw/oidc/authorize?response_type=code&client_id=7c1e2c53-8cc3-4ea0-bdd6-b3423e76adc7&redirect_uri=https://api.coretransapi.com/oauth2/callback/&scope=sepa_credit_transfers&state=c8c4ce12b5a5494e873c3cc8450ec7b5&code_challenge_method=S256&code_challenge=geKyFdvohnGQo-ixUNzcQ7qdFalCwqWhPYv49061WOg",
    "code_challenge": "geKyFdvohnGQo-ixUNzcQ7qdFalCwqWhPYv49061WOg",
    "payment_id": "fbdc069e-6cb1-41cd-864e-223abc51ffa9"
}


================================================================================
Fecha y hora: 2025-06-17 05:53:27
================================================================================
=== Info ===
Inicio del flujo OAuth2 desde transferencia

=== Body de la petición ===
{
    "verifier": "x1qDeSaM83YLY7SjEi1HU5U6nThps6pN7BRGVihQNOs7MeOA6iPNvUMhZ-SraeM-pVMhV9uUopc0b1DCDWgGUA",
    "challenge": "geKyFdvohnGQo-ixUNzcQ7qdFalCwqWhPYv49061WOg",
    "state": "c8c4ce12b5a5494e873c3cc8450ec7b5"
}


================================================================================
Fecha y hora: 2025-06-17 05:53:46
================================================================================
=== Info ===
OAuth no iniciado o token expirado

=== Error ===
Token no disponible

================================================================================
Fecha y hora: 2025-06-17 05:53:46
================================================================================
=== Info ===
OAuth: inicio_autorizacion - exito

=== Body de la petición ===
{
    "state": "cd2cd5a3b99b42d0933946f5c5236c4c",
    "auth_url": "https://80.78.30.242:9181/gw/oidc/authorize?response_type=code&client_id=7c1e2c53-8cc3-4ea0-bdd6-b3423e76adc7&redirect_uri=https://api.coretransapi.com/oauth2/callback/&scope=sepa_credit_transfers&state=cd2cd5a3b99b42d0933946f5c5236c4c&code_challenge_method=S256&code_challenge=Tr2RNieaD893LTW8SqiRjnC1h0lsl8DohIeeYAxvnOo",
    "code_challenge": "Tr2RNieaD893LTW8SqiRjnC1h0lsl8DohIeeYAxvnOo",
    "payment_id": "fbdc069e-6cb1-41cd-864e-223abc51ffa9"
}


================================================================================
Fecha y hora: 2025-06-17 05:53:46
================================================================================
=== Info ===
Inicio del flujo OAuth2 desde transferencia

=== Body de la petición ===
{
    "verifier": "2oU6qYIzywHU1PHzKhfdc5SvMgxlAqx56HNjac41m2MqK0U1y6QNl6wta1kxsJdKMru4OWt_KB6SnBjVLMfBTg",
    "challenge": "Tr2RNieaD893LTW8SqiRjnC1h0lsl8DohIeeYAxvnOo",
    "state": "cd2cd5a3b99b42d0933946f5c5236c4c"
}

